le cerf brame .
le rat couine .
le chiot aboie .
la furette siffle .
le chien aboie .
le furet siffle .
le lion rugit .
le aigle crie .
le pigeon roucoule .
le moineau gazouille .
le singe crie .
le singe hurle .
la mouette crie .
la louve hurle .
le chien jappe .
la guêpe bourdonne .
le cheval hennit .
le moustique bourdonne .
la abeille bourdonne .
la jument hennit .
la renarde glapit .
le faucon crie .
le tigre rugit .
le furet couine .
le renard glapit .
le cygne siffle .
la cane cancane .
la corneille croasse .
le étalon hennit .
le phoque hurle .
la furette couine .
le faon crie .
le rossignol chante .
la chauve-souris crie .
la baleine chante .
la truie grogne .
le éléphant barrit .
le corbeau croasse .
le chacal hurle .
la vache meugle .
le faon crie .
la chienne aboie .
le chevreuil crie .
la grenouille coasse .
la cigale chante .
le porcelet couine .
le coyote hurle .
la chienne jappe .
le renardeau glapit .
la chauve-souris couine .
la brebis bêle .
le faon crie .
le singe crie .
la chevrette crie .
la biche brame .
la rate couine .
le daim brame .
la chouette hulule .
le merle chante .
la oie cacarde .
la daine brame .
la cigogne claquette .
la chienne hurle .
le faon crie .
la poule caquette .
le cochon grogne .
le chevreuil crie .
le mouton bêle .
la hyène grogne .
le grillon chante .
le chiot jappe .
le dindon glougloute .
le aigle crie .
le jaguar rugit .
la tigresse rugit .
le taureau meugle .
la chauve-souris piaule .
le cerf rait .
la laie grogne .
le chat miaule .
la mouche bourdonne .
le cobaye couine .
la souris couine .
le chien hurle .
la lionne rugit .
le lapin couine .
la gerbille couine .
le hamster couine .
la mésange gazouille .
la chauve-souris crie .
le canard cancane .
le agneau bêle .
le gorille hurle .
la chevrette crie .
la corneille croasse .
le canari chante .
la chèvre bêle .
le chimpanzé crie .
la chatte miaule .
le boeuf meugle .
la tourterelle roucoule .
le daguet brame .
le marcassin grogne .
le oiseau gazouille .
la ourse rugit .
le perroquet jase .
le chimpanzé crie .
le coucou chante .
la mouette crie .
le hibou hulule .
le loup hurle .
le faucon crie .
le sanglier grogne .
le crapaud coasse .
le âne brait .
le faon crie .
le léopard rugit .
le coq chante .
le merle siffle .
le serpent siffle .
la biche rait .
le dauphin siffle .
le canari gazouille .
le perroquet piaule .
le ours rugit .
le ongre hennit .
le faon crie .
le cabri bêle .
